// Jest Snapshot v1, https://goo.gl/fbAQLP

exports[`The errormessage matches the screenshot 1`] = `[Function]`;
