// Jest Snapshot v1, https://goo.gl/fbAQLP

exports[`Search-form matches the snapshot 1`] = `[Function]`;
